>{ [ [~'*Company' ? VAL = REPL('\*', '') : BW*->REC] ]
#^ source.rtl keyword.control.subtable.bracket.rtl
# ^ source.rtl
#  ^ source.rtl entity.name.function.row.bracket.rtl
#   ^ source.rtl
#    ^ source.rtl punctuation.section.cell.bracket.rtl
#     ^ source.rtl keyword.operator.rtl
#      ^^^^^^^^^^ source.rtl string.quoted.single.rtl
#                ^ source.rtl
#                 ^ source.rtl keyword.operator.quantifier.rtl
#                  ^ source.rtl
#                   ^^^ source.rtl storage.type.item.rtl
#                      ^ source.rtl
#                       ^ source.rtl keyword.operator.rtl
#                        ^ source.rtl
#                         ^^^^ source.rtl support.function.extractor.rtl
#                             ^ source.rtl punctuation.section.bracket.rtl
#                              ^^^^ source.rtl string.quoted.single.rtl
#                                  ^ source.rtl keyword.operator.rtl
#                                   ^ source.rtl
#                                    ^^ source.rtl string.quoted.single.rtl
#                                      ^ source.rtl punctuation.section.bracket.rtl
#                                       ^ source.rtl
#                                        ^ source.rtl keyword.operator.rtl
#                                         ^ source.rtl
#                                          ^^ source.rtl support.constant.provider.rtl
#                                            ^ source.rtl keyword.operator.quantifier.rtl
#                                             ^^ source.rtl keyword.operator.arrow.rtl
#                                               ^^^ source.rtl keyword.control.action.rtl
#                                                  ^ source.rtl punctuation.section.cell.bracket.rtl
#                                                   ^ source.rtl
#                                                    ^ source.rtl entity.name.function.row.bracket.rtl
>  [ [!~'*Company' ? VAL] ]+ }+
#^^ source.rtl
#  ^ source.rtl entity.name.function.row.bracket.rtl
#   ^ source.rtl
#    ^ source.rtl punctuation.section.cell.bracket.rtl
#     ^ source.rtl keyword.operator.rtl
#      ^ source.rtl keyword.operator.rtl
#       ^^^^^^^^^^ source.rtl string.quoted.single.rtl
#                 ^ source.rtl
#                  ^ source.rtl keyword.operator.quantifier.rtl
#                   ^ source.rtl
#                    ^^^ source.rtl storage.type.item.rtl
#                       ^ source.rtl punctuation.section.cell.bracket.rtl
#                        ^ source.rtl
#                         ^ source.rtl entity.name.function.row.bracket.rtl
#                          ^ source.rtl keyword.operator.quantifier.rtl
#                           ^ source.rtl
#                            ^ source.rtl keyword.control.subtable.bracket.rtl
#                             ^ source.rtl keyword.operator.quantifier.rtl
>