>{ [ [VAL : ST*->REC] [VAL]{2} []+ ]
#^ source.rtl keyword.control.subtable.bracket.rtl
# ^ source.rtl
#  ^ source.rtl entity.name.function.row.bracket.rtl
#   ^ source.rtl
#    ^ source.rtl punctuation.section.cell.bracket.rtl
#     ^^^ source.rtl storage.type.item.rtl
#        ^ source.rtl
#         ^ source.rtl keyword.operator.rtl
#          ^ source.rtl
#           ^^ source.rtl support.constant.provider.rtl
#             ^ source.rtl keyword.operator.quantifier.rtl
#              ^^ source.rtl keyword.operator.arrow.rtl
#                ^^^ source.rtl keyword.control.action.rtl
#                   ^ source.rtl punctuation.section.cell.bracket.rtl
#                    ^ source.rtl
#                     ^ source.rtl punctuation.section.cell.bracket.rtl
#                      ^^^ source.rtl storage.type.item.rtl
#                         ^ source.rtl punctuation.section.cell.bracket.rtl
#                          ^^^ source.rtl keyword.operator.quantifier.rtl
#                             ^ source.rtl
#                              ^ source.rtl punctuation.section.cell.bracket.rtl
#                               ^ source.rtl punctuation.section.cell.bracket.rtl
#                                ^ source.rtl keyword.operator.quantifier.rtl
#                                 ^ source.rtl
#                                  ^ source.rtl entity.name.function.row.bracket.rtl
>[ [] [VAL]{4} []+ ] }+
#^ source.rtl entity.name.function.row.bracket.rtl
# ^ source.rtl
#  ^ source.rtl punctuation.section.cell.bracket.rtl
#   ^ source.rtl punctuation.section.cell.bracket.rtl
#    ^ source.rtl
#     ^ source.rtl punctuation.section.cell.bracket.rtl
#      ^^^ source.rtl storage.type.item.rtl
#         ^ source.rtl punctuation.section.cell.bracket.rtl
#          ^^^ source.rtl keyword.operator.quantifier.rtl
#             ^ source.rtl
#              ^ source.rtl punctuation.section.cell.bracket.rtl
#               ^ source.rtl punctuation.section.cell.bracket.rtl
#                ^ source.rtl keyword.operator.quantifier.rtl
#                 ^ source.rtl
#                  ^ source.rtl entity.name.function.row.bracket.rtl
#                   ^ source.rtl
#                    ^ source.rtl keyword.control.subtable.bracket.rtl
#                     ^ source.rtl keyword.operator.quantifier.rtl
>